// Jest Snapshot v1, https://goo.gl/fbAQLP

exports[`if it matches snapshot 1`] = `
<DocumentFragment>
  <div
    class="JobCard"
  >
    <h1
      class="JobCard-title"
    />
    <p
      class="JobCard-info"
    >
      Salary: 
    </p>
    <p
      class="JobCard-info"
    >
      Equity: 
    </p>
  </div>
</DocumentFragment>
`;
